$ vitest run --maxWorkers=4 --exclude=e2e/** src/ai

 RUN  v5.0.0 /home/norman/Repos/GPlan

 ❯ src/ai/failures.test.ts (0 test)
 ❯ src/ai/providers.test.ts (0 test)
 ❯ src/ai/validation.test.ts (0 test)

⎯⎯⎯⎯⎯⎯ Failed Suites 3 ⎯⎯⎯⎯⎯⎯⎯

 FAIL  src/ai/failures.test.ts [ src/ai/failures.test.ts ]
 FAIL  src/ai/providers.test.ts [ src/ai/providers.test.ts ]
 FAIL  src/ai/validation.test.ts [ src/ai/validation.test.ts ]
ReferenceError: expect is not defined
 ❯ node_modules/@testing-library/jest-dom/dist/index.mjs:10:1
 ❯ tests/setup.ts:1:1
      1| import '@testing-library/jest-dom';
       | ^
      2|

⎯⎯⎯⎯⎯⎯⎯⎯⎯⎯⎯⎯⎯⎯⎯⎯⎯⎯⎯⎯⎯⎯⎯⎯[1/3]⎯


 Test Files  3 failed (3)
      Tests  no tests
   Start at  11:47:40
   Duration  272ms (worker 97%, environment 3%)

error: script "test" exited with code 1
