LSP_MESSAGE {"jsonrpc":"2.0","method":"window/logMessage","params":{"type":3,"message":"Resolved client capabilities: {\n\t\"textDocument\": {\n\t\t\"diagnostic\": {\n\t\t\t\"relatedDocumentSupport\": true\n\t\t}\n\t}\n}"}}
LSP_MESSAGE {"jsonrpc":"2.0","id":1,"result":{"capabilities":{"positionEncoding":"utf-16","textDocumentSync":{"openClose":true,"change":2,"save":true},"completionProvider":{"triggerCharacters":[".","\"","'","`","/","@","<","#"," ","*"],"resolveProvider":true,"completionItem":{"labelDetailsSupport":true}},"hoverProvider":true,"signatureHelpProvider":{"triggerCharacters":["(",",","<"],"retriggerCharacters":[")"]},"definitionProvider":true,"typeDefinitionProvider":true,"implementationProvider":true,"referencesProvider":true,"documentHighlightProvider":true,"documentSymbolProvider":true,"codeActionProvider":{"codeActionKinds":["quickfix","source.organizeImports","source.removeUnusedImports","source.sortImports","source.fixAll"]},"codeLensProvider":{"resolveProvider":true},"workspaceSymbolProvider":true,"documentFormattingProvider":true,"documentRangeFormattingProvider":true,"documentOnTypeFormattingProvider":{"firstTriggerCharacter":"{","moreTriggerCharacter":["}",";","\n"]},"renameProvider":{"prepareProvider":true},"foldingRangeProvider":true,"selectionRangeProvider":true,"callHierarchyProvider":true,"linkedEditingRangeProvider":true,"semanticTokensProvider":{"legend":{"tokenTypes":[],"tokenModifiers":[]},"range":true,"full":true},"inlayHintProvider":true,"diagnosticProvider":{"identifier":"typescript","interFileDependencies":true,"workspaceDiagnostics":false},"workspace":{"fileOperations":{"willRename":{"filters":[{"scheme":"file","pattern":{"glob":"**/*.{ts,tsx,js,jsx,cts,cjs,mts,mjs,json}"}}]}}},"experimental":{"customSourceDefinitionProvider":true,"customMultiDocumentHighlightProvider":true},"_vs_onAutoInsertProvider":{"_vs_triggerCharacters":[">"]},"_vs_referencesProvider":true},"serverInfo":{"name":"typescript-go","version":"7.0.2"}}}
LSP_MESSAGE {"jsonrpc":"2.0","method":"window/logMessage","params":{"type":3,"message":"file watching: disabled (client lacks dynamic watch registration and builtin watcher backend is not fast-recursive)"}}
LSP_MESSAGE {"jsonrpc":"2.0","id":"ts1","method":"client/registerCapability","params":{"registrations":[{"id":"typescript-config-watch-id","method":"workspace/didChangeConfiguration","registerOptions":{"section":["js/ts","typescript","javascript","editor"]}}]}}
LSP_MESSAGE {"jsonrpc":"2.0","method":"window/logMessage","params":{"type":3,"message":"handled method 'initialized' in 823.264µs"}}
LSP_MESSAGE {"jsonrpc":"2.0","method":"window/logMessage","params":{"type":3,"message":"Processed 1 file changes in 10.636µs"}}
LSP_MESSAGE {"jsonrpc":"2.0","method":"window/logMessage","params":{"type":3,"message":"handled method 'textDocument/didOpen' in 182.464596ms"}}
LSP_MESSAGE {"jsonrpc":"2.0","method":"window/logMessage","params":{"type":3,"message":"Processed 1 file changes in 6.12µs"}}
LSP_MESSAGE {"jsonrpc":"2.0","method":"window/logMessage","params":{"type":3,"message":"Adopted snapshot 1 (parent 0) as current session snapshot (replacing 0)"}}
LSP_MESSAGE {"jsonrpc":"2.0","method":"window/logMessage","params":{"type":3,"message":"======== Cloning snapshot 0 ========\n[13:25:51.336] Reason: DidOpenFile - file:///home/norman/Repos/GPlan/playwright.config.ts\n[13:25:51.336] DidChangeCustomConfigFileName\n[13:25:51.336] DidChangeFiles\n\t[13:25:51.336] Checking for changes affecting config files\n\t\t[13:25:51.336] Summarizing file changes\n\t\t[13:25:51.336] Checking if any changed files are config files\n\t[13:25:51.336] computeConfigFileName:: File: /home/norman/Repos/GPlan/playwright.config.ts:: Result: /home/norman/Repos/GPlan/tsconfig.json\n\t[13:25:51.336] Searching for default configured project for /home/norman/Repos/GPlan/playwright.config.ts\n\t\t[13:25:51.336] Acquiring config for open file\n\t\t\t[13:25:51.336] Loading config file: /home/norman/Repos/GPlan/tsconfig.json\n\t\t\t[13:25:51.337] Finished loading config file\n\t\t[13:25:51.337] Creating ConfiguredProject: /home/norman/Repos/GPlan/tsconfig.json, currentDirectory: /home/norman/Repos/GPlan\n\t\t[13:25:51.337] Acquiring config for project\n\t\t[13:25:51.337] CompilerHost\n\t\t[13:25:51.468] Program update for /home/norman/Repos/GPlan/tsconfig.json completed in 131.39235ms\n\t\t[13:25:51.468] Project does not contain file\n\t\t[13:25:51.468] computeConfigFileName:: File: /home/norman/Repos/GPlan/tsconfig.json:: Result: \n\t[13:25:51.468] No default configured project found for /home/norman/Repos/GPlan/playwright.config.ts (searched in 132.333356ms)\n\t[13:25:51.468] Creating InferredProject: /dev/null/inferred, currentDirectory: /home/norman/Repos/GPlan\n[13:25:51.468] DidRequestFile\n\t[13:25:51.468] Acquiring config for project\n\t[13:25:51.468] CompilerHost\n\t[13:25:51.516] Program update for /dev/null/inferred completed in 48.131913ms\n\t[13:25:51.516] Completed file request for /home/norman/Repos/GPlan/playwright.config.ts in 48.149342ms\n[13:25:51.517] Removed 1 cached file(s) in 790.568µs\n[13:25:51.517] UpdateAutoImports\n\t[13:25:51.517] Building autoimport registry\n\t\t[13:25:51.517] Added project: /dev/null/inferred\n\t\t[13:25:51.517] Added directory: /home/norman/Repos/GPlan\n\t\t[13:25:51.517] Added directory: /home/norman/Repos\n\t\t[13:25:51.517] Added directory: /home/norman\n\t\t[13:25:51.517] Added directory: /home\n\t\t[13:25:51.517] Added directory: /\n\t\t[13:25:51.517] Added node_modules bucket: /home/norman/Repos/GPlan\n\t\t[13:25:51.517] Updated buckets and directories in 117.092µs\n\t\t[13:25:51.517] Built autoimport registry in 121.931µs\n[13:25:51.518] Finished cloning snapshot 0 into snapshot 1 in 182.333644ms\n"}}
LSP_MESSAGE {"jsonrpc":"2.0","method":"window/logMessage","params":{"type":3,"message":"\nProject '/home/norman/Repos/GPlan/tsconfig.json'\n\tFiles (943)\n-----------------------------------------------"}}
LSP_MESSAGE {"jsonrpc":"2.0","method":"window/logMessage","params":{"type":3,"message":"\nProject '/dev/null/inferred'\n\tFiles (304)\n-----------------------------------------------"}}
LSP_MESSAGE {"jsonrpc":"2.0","method":"window/logMessage","params":{"type":3,"message":"\n======== Cache Statistics ========"}}
LSP_MESSAGE {"jsonrpc":"2.0","method":"window/logMessage","params":{"type":3,"message":"Open file count:        1"}}
LSP_MESSAGE {"jsonrpc":"2.0","method":"window/logMessage","params":{"type":3,"message":"Cached disk files:   1034"}}
LSP_MESSAGE {"jsonrpc":"2.0","method":"window/logMessage","params":{"type":3,"message":"Realpath aliases:       0"}}
LSP_MESSAGE {"jsonrpc":"2.0","method":"window/logMessage","params":{"type":3,"message":"Project count:          2"}}
LSP_MESSAGE {"jsonrpc":"2.0","method":"window/logMessage","params":{"type":3,"message":"Config count:           1"}}
LSP_MESSAGE {"jsonrpc":"2.0","method":"window/logMessage","params":{"type":3,"message":""}}
LSP_MESSAGE {"jsonrpc":"2.0","method":"window/logMessage","params":{"type":3,"message":"handled method 'textDocument/didOpen' in 21.05788ms"}}
LSP_MESSAGE {"jsonrpc":"2.0","method":"window/logMessage","params":{"type":3,"message":"Processed 1 file changes in 6.941µs"}}
LSP_MESSAGE {"jsonrpc":"2.0","method":"window/logMessage","params":{"type":3,"message":"Adopted snapshot 2 (parent 1) as current session snapshot (replacing 1)"}}
LSP_MESSAGE {"jsonrpc":"2.0","method":"window/logMessage","params":{"type":3,"message":"======== Cloning snapshot 1 ========\n[13:25:51.518] Reason: DidOpenFile - file:///home/norman/Repos/GPlan/tests/e2e/support.js\n[13:25:51.518] DidChangeCustomConfigFileName\n[13:25:51.518] DidChangeFiles\n\t[13:25:51.518] Checking for changes affecting config files\n\t\t[13:25:51.518] Summarizing file changes\n\t\t[13:25:51.518] Checking if any changed files are config files\n\t\t[13:25:51.518] Checking if any of 1 created files match root files for config /home/norman/Repos/GPlan/tsconfig.json\n\t\t[13:25:51.518] Root files for config /home/norman/Repos/GPlan/tsconfig.json changed\n\t\t[13:25:51.518] Config file change affected projects: [/home/norman/Repos/GPlan/tsconfig.json]\n\t[13:25:51.518] Marking project /home/norman/Repos/GPlan/tsconfig.json as dirty due to change affecting config\n\t[13:25:51.518] computeConfigFileName:: File: /home/norman/Repos/GPlan/tests/e2e/support.js:: Result: /home/norman/Repos/GPlan/tsconfig.json\n\t[13:25:51.518] Searching for default configured project for /home/norman/Repos/GPlan/tests/e2e/support.js\n\t\t[13:25:51.518] Acquiring config for open file\n\t\t\t[13:25:51.518] Reloading file names for config: /home/norman/Repos/GPlan/tsconfig.json\n\t\t[13:25:51.519] Creating ConfiguredProject: /home/norman/Repos/GPlan/tsconfig.json, currentDirectory: /home/norman/Repos/GPlan\n\t\t[13:25:51.519] Acquiring config for project\n\t\t[13:25:51.519] CompilerHost\n\t\t[13:25:51.534] Program update for /home/norman/Repos/GPlan/tsconfig.json completed in 14.795109ms\n\t\t[13:25:51.534] Project does not contain file\n\t\t[13:25:51.534] computeConfigFileName:: File: /home/norman/Repos/GPlan/tsconfig.json:: Result: \n\t[13:25:51.534] No default configured project found for /home/norman/Repos/GPlan/tests/e2e/support.js (searched in 15.32545ms)\n\t[13:25:51.534] Updating inferred project config with 2 root files\n[13:25:51.534] DidRequestFile\n\t[13:25:51.534] Acquiring config for project\n\t[13:25:51.534] CompilerHost\n\t[13:25:51.538] Program update for /dev/null/inferred completed in 4.116938ms\n\t[13:25:51.538] Completed file request for /home/norman/Repos/GPlan/tests/e2e/support.js in 4.128149ms\n[13:25:51.539] Removed 0 cached file(s) in 760.544µs\n[13:25:51.539] UpdateAutoImports\n\t[13:25:51.539] Building autoimport registry\n\t\t[13:25:51.539] Added directory: /home/norman/Repos/GPlan/tests/e2e\n\t\t[13:25:51.539] Added directory: /home/norman/Repos/GPlan/tests\n\t\t[13:25:51.539] Updated buckets and directories in 41.296µs\n\t\t[13:25:51.539] Built autoimport registry in 46.652µs\n[13:25:51.539] Finished cloning snapshot 1 into snapshot 2 in 20.530822ms\n"}}
LSP_MESSAGE {"jsonrpc":"2.0","method":"window/logMessage","params":{"type":3,"message":"\nProject '/dev/null/inferred'\n\tFiles (306)\n-----------------------------------------------"}}
LSP_MESSAGE {"jsonrpc":"2.0","method":"window/logMessage","params":{"type":3,"message":"\n======== Cache Statistics ========"}}
LSP_MESSAGE {"jsonrpc":"2.0","method":"window/logMessage","params":{"type":3,"message":"Open file count:        2"}}
LSP_MESSAGE {"jsonrpc":"2.0","method":"window/logMessage","params":{"type":3,"message":"Cached disk files:   1035"}}
LSP_MESSAGE {"jsonrpc":"2.0","method":"window/logMessage","params":{"type":3,"message":"Realpath aliases:       0"}}
LSP_MESSAGE {"jsonrpc":"2.0","method":"window/logMessage","params":{"type":3,"message":"Project count:          2"}}
LSP_MESSAGE {"jsonrpc":"2.0","method":"window/logMessage","params":{"type":3,"message":"Config count:           1"}}
LSP_MESSAGE {"jsonrpc":"2.0","method":"window/logMessage","params":{"type":3,"message":""}}
LSP_MESSAGE {"jsonrpc":"2.0","method":"window/logMessage","params":{"type":3,"message":"handled method 'textDocument/didOpen' in 20.680393ms"}}
LSP_MESSAGE {"jsonrpc":"2.0","method":"window/logMessage","params":{"type":3,"message":"Processed 1 file changes in 6.456µs"}}
LSP_MESSAGE {"jsonrpc":"2.0","method":"window/logMessage","params":{"type":3,"message":"Adopted snapshot 3 (parent 2) as current session snapshot (replacing 2)"}}
LSP_MESSAGE {"jsonrpc":"2.0","method":"window/logMessage","params":{"type":3,"message":"======== Cloning snapshot 2 ========\n[13:25:51.539] Reason: DidOpenFile - file:///home/norman/Repos/GPlan/tests/e2e/release.spec.js\n[13:25:51.539] DidChangeCustomConfigFileName\n[13:25:51.539] DidChangeFiles\n\t[13:25:51.539] Checking for changes affecting config files\n\t\t[13:25:51.539] Summarizing file changes\n\t\t[13:25:51.539] Checking if any changed files are config files\n\t\t[13:25:51.539] Checking if any of 1 created files match root files for config /home/norman/Repos/GPlan/tsconfig.json\n\t\t[13:25:51.539] Root files for config /home/norman/Repos/GPlan/tsconfig.json changed\n\t\t[13:25:51.539] Config file change affected projects: [/home/norman/Repos/GPlan/tsconfig.json]\n\t[13:25:51.539] Marking project /home/norman/Repos/GPlan/tsconfig.json as dirty due to change affecting config\n\t[13:25:51.539] computeConfigFileName:: File: /home/norman/Repos/GPlan/tests/e2e/release.spec.js:: Result: /home/norman/Repos/GPlan/tsconfig.json\n\t[13:25:51.539] Searching for default configured project for /home/norman/Repos/GPlan/tests/e2e/release.spec.js\n\t\t[13:25:51.539] Acquiring config for open file\n\t\t\t[13:25:51.539] Reloading file names for config: /home/norman/Repos/GPlan/tsconfig.json\n\t\t[13:25:51.540] Creating ConfiguredProject: /home/norman/Repos/GPlan/tsconfig.json, currentDirectory: /home/norman/Repos/GPlan\n\t\t[13:25:51.540] Acquiring config for project\n\t\t[13:25:51.540] CompilerHost\n\t\t[13:25:51.555] Program update for /home/norman/Repos/GPlan/tsconfig.json completed in 14.784828ms\n\t\t[13:25:51.555] Project does not contain file\n\t\t[13:25:51.555] computeConfigFileName:: File: /home/norman/Repos/GPlan/tsconfig.json:: Result: \n\t[13:25:51.555] No default configured project found for /home/norman/Repos/GPlan/tests/e2e/release.spec.js (searched in 15.255113ms)\n\t[13:25:51.555] Updating inferred project config with 3 root files\n[13:25:51.555] DidRequestFile\n\t[13:25:51.555] Acquiring config for project\n\t[13:25:51.555] CompilerHost\n\t[13:25:51.559] Program update for /dev/null/inferred completed in 3.936937ms\n\t[13:25:51.559] Completed file request for /home/norman/Repos/GPlan/tests/e2e/release.spec.js in 3.948745ms\n[13:25:51.559] Removed 0 cached file(s) in 733.096µs\n[13:25:51.559] UpdateAutoImports\n\t[13:25:51.559] Building autoimport registry\n\t\t[13:25:51.559] Updated buckets and directories in 18.437µs\n\t\t[13:25:51.559] Built autoimport registry in 24.44µs\n[13:25:51.559] Finished cloning snapshot 2 into snapshot 3 in 20.116514ms\n"}}
LSP_MESSAGE {"jsonrpc":"2.0","method":"window/logMessage","params":{"type":3,"message":"\nProject '/dev/null/inferred'\n\tFiles (307)\n-----------------------------------------------"}}
LSP_MESSAGE {"jsonrpc":"2.0","method":"window/logMessage","params":{"type":3,"message":"\n======== Cache Statistics ========"}}
LSP_MESSAGE {"jsonrpc":"2.0","method":"window/logMessage","params":{"type":3,"message":"Open file count:        3"}}
LSP_MESSAGE {"jsonrpc":"2.0","method":"window/logMessage","params":{"type":3,"message":"Cached disk files:   1035"}}
LSP_MESSAGE {"jsonrpc":"2.0","method":"window/logMessage","params":{"type":3,"message":"Realpath aliases:       0"}}
LSP_MESSAGE {"jsonrpc":"2.0","method":"window/logMessage","params":{"type":3,"message":"Project count:          2"}}
LSP_MESSAGE {"jsonrpc":"2.0","method":"window/logMessage","params":{"type":3,"message":"Config count:           1"}}
LSP_MESSAGE {"jsonrpc":"2.0","method":"window/logMessage","params":{"type":3,"message":""}}
LSP_MESSAGE {"jsonrpc":"2.0","method":"window/logMessage","params":{"type":3,"message":"handled method 'textDocument/didOpen' in 21.506328ms"}}
LSP_MESSAGE {"jsonrpc":"2.0","method":"window/logMessage","params":{"type":3,"message":"Adopted snapshot 4 (parent 3) as current session snapshot (replacing 3)"}}
LSP_MESSAGE {"jsonrpc":"2.0","method":"window/logMessage","params":{"type":3,"message":"Adopted snapshot 5 (parent 4) as current session snapshot (replacing 4)"}}
LSP_MESSAGE {"jsonrpc":"2.0","method":"window/logMessage","params":{"type":3,"message":"======== Cloning snapshot 3 ========\n[13:25:51.560] Reason: DidOpenFile - file:///home/norman/Repos/GPlan/tests/e2e/providers.spec.js\n[13:25:51.560] DidChangeCustomConfigFileName\n[13:25:51.560] DidChangeFiles\n\t[13:25:51.560] Checking for changes affecting config files\n\t\t[13:25:51.560] Summarizing file changes\n\t\t[13:25:51.560] Checking if any changed files are config files\n\t\t[13:25:51.560] Checking if any of 1 created files match root files for config /home/norman/Repos/GPlan/tsconfig.json\n\t\t[13:25:51.560] Root files for config /home/norman/Repos/GPlan/tsconfig.json changed\n\t\t[13:25:51.560] Config file change affected projects: [/home/norman/Repos/GPlan/tsconfig.json]\n\t[13:25:51.560] Marking project /home/norman/Repos/GPlan/tsconfig.json as dirty due to change affecting config\n\t[13:25:51.560] computeConfigFileName:: File: /home/norman/Repos/GPlan/tests/e2e/providers.spec.js:: Result: /home/norman/Repos/GPlan/tsconfig.json\n\t[13:25:51.560] Searching for default configured project for /home/norman/Repos/GPlan/tests/e2e/providers.spec.js\n\t\t[13:25:51.560] Acquiring config for open file\n\t\t\t[13:25:51.560] Reloading file names for config: /home/norman/Repos/GPlan/tsconfig.json\n\t\t[13:25:51.560] Creating ConfiguredProject: /home/norman/Repos/GPlan/tsconfig.json, currentDirectory: /home/norman/Repos/GPlan\n\t\t[13:25:51.560] Acquiring config for project\n\t\t[13:25:51.560] CompilerHost\n\t\t[13:25:51.576] Program update for /home/norman/Repos/GPlan/tsconfig.json completed in 15.043732ms\n\t\t[13:25:51.576] Project does not contain file\n\t\t[13:25:51.576] computeConfigFileName:: File: /home/norman/Repos/GPlan/tsconfig.json:: Result: \n\t[13:25:51.576] No default configured project found for /home/norman/Repos/GPlan/tests/e2e/providers.spec.js (searched in 15.544597ms)\n\t[13:25:51.576] Updating inferred project config with 4 root files\n[13:25:51.576] DidRequestFile\n\t[13:25:51.576] Acquiring config for project\n\t[13:25:51.576] CompilerHost\n\t[13:25:51.580] Program update for /dev/null/inferred completed in 4.574478ms\n\t[13:25:51.580] Completed file request for /home/norman/Repos/GPlan/tests/e2e/providers.spec.js in 4.592193ms\n[13:25:51.581] Removed 0 cached file(s) in 642.371µs\n[13:25:51.581] UpdateAutoImports\n\t[13:25:51.581] Building autoimport registry\n\t\t[13:25:51.581] Updated buckets and directories in 26.564µs\n\t\t[13:25:51.581] Built autoimport registry in 31.826µs\n[13:25:51.581] Finished cloning snapshot 3 into snapshot 4 in 20.920398ms\n"}}
LSP_MESSAGE {"jsonrpc":"2.0","method":"window/logMessage","params":{"type":3,"message":"======== Cloning snapshot 4 ========\n[13:25:51.581] Reason: RequestedLanguageService (pending file changes) -  Documents: [file:///home/norman/Repos/GPlan/playwright.config.ts]\n[13:25:51.581] DidChangeCustomConfigFileName\n[13:25:51.581] DidRequestFile\n[13:25:51.581] UpdateAutoImports\n\t[13:25:51.581] Building autoimport registry\n\t\t[13:25:51.581] Updated buckets and directories in 34.939µs\n\t\t[13:25:51.581] Built autoimport registry in 37.873µs\n[13:25:51.581] Finished cloning snapshot 4 into snapshot 5 in 58.832µs\n"}}
LSP_MESSAGE {"jsonrpc":"2.0","method":"window/logMessage","params":{"type":3,"message":"\nProject '/dev/null/inferred'\n\tFiles (308)\n-----------------------------------------------"}}
LSP_MESSAGE {"jsonrpc":"2.0","method":"window/logMessage","params":{"type":3,"message":""}}
LSP_MESSAGE {"jsonrpc":"2.0","method":"window/logMessage","params":{"type":3,"message":"\n======== Cache Statistics ========"}}
LSP_MESSAGE {"jsonrpc":"2.0","method":"window/logMessage","params":{"type":3,"message":"Open file count:        4"}}
LSP_MESSAGE {"jsonrpc":"2.0","method":"window/logMessage","params":{"type":3,"message":"Cached disk files:   1035"}}
LSP_MESSAGE {"jsonrpc":"2.0","method":"window/logMessage","params":{"type":3,"message":"Realpath aliases:       0"}}
LSP_MESSAGE {"jsonrpc":"2.0","method":"window/logMessage","params":{"type":3,"message":"Project count:          2"}}
LSP_MESSAGE {"jsonrpc":"2.0","method":"window/logMessage","params":{"type":3,"message":"Config count:           1"}}
LSP_MESSAGE {"jsonrpc":"2.0","method":"window/logMessage","params":{"type":3,"message":""}}
LSP_MESSAGE {"jsonrpc":"2.0","id":2,"result":{"kind":"full","items":[]}}
LSP_MESSAGE {"jsonrpc":"2.0","method":"window/logMessage","params":{"type":3,"message":"handled method 'textDocument/diagnostic' (2) in 7.319914ms"}}
LSP_MESSAGE {"jsonrpc":"2.0","id":3,"result":{"kind":"full","items":[]}}
LSP_MESSAGE {"jsonrpc":"2.0","method":"window/logMessage","params":{"type":3,"message":"handled method 'textDocument/diagnostic' (3) in 16.133818ms"}}
LSP_MESSAGE {"jsonrpc":"2.0","id":4,"result":{"kind":"full","items":[]}}
LSP_MESSAGE {"jsonrpc":"2.0","method":"window/logMessage","params":{"type":3,"message":"handled method 'textDocument/diagnostic' (4) in 6.474385ms"}}
LSP_MESSAGE {"jsonrpc":"2.0","id":5,"result":{"kind":"full","items":[]}}
LSP_MESSAGE {"jsonrpc":"2.0","method":"window/logMessage","params":{"type":3,"message":"handled method 'textDocument/diagnostic' (5) in 6.010311ms"}}
{"file":"playwright.config.ts","diagnostics":[]}
{"file":"tests/e2e/support.js","diagnostics":[]}
{"file":"tests/e2e/release.spec.js","diagnostics":[]}
{"file":"tests/e2e/providers.spec.js","diagnostics":[]}
LSP_FILES=4 LSP_ERRORS=0
LSP_MESSAGE {"jsonrpc":"2.0","id":6,"result":null}
LSP_MESSAGE {"jsonrpc":"2.0","method":"window/logMessage","params":{"type":3,"message":"handled method 'shutdown' (6) in 3.68µs"}}
LSP_MESSAGE {"jsonrpc":"2.0","method":"window/logMessage","params":{"type":1,"message":"error handling method 'exit': EOF"}}
context canceled
