$ bun run typecheck && vite build
$ tsc -b
vite v8.3.0 building client environment for production...
transforming...
✓ 165 modules transformed.
rendering chunks...
computing gzip size...
dist/manifest.webmanifest                          0.51 kB
dist/index.html                                    0.58 kB │ gzip:   0.34 kB
dist/assets/ExerciseViewer-Cs_plEQo.css            3.36 kB │ gzip:   1.17 kB
dist/assets/index-D5ezoilf.css                    26.26 kB │ gzip:   6.20 kB
dist/assets/workbox-window.prod.es5-Bd17z0YL.js    5.65 kB │ gzip:   2.20 kB
dist/assets/index-CUiKJW5k.js                    400.51 kB │ gzip: 120.06 kB
dist/assets/ExerciseViewer-CpHUm-va.js           932.55 kB │ gzip: 246.45 kB

✓ built in 695ms
[plugin builtin:vite-reporter] 
(!) Some chunks are larger than 500 kB after minification. Consider:
- Using dynamic import() to code-split the application
- Use build.rolldownOptions.output.codeSplitting to improve chunking: https://rolldown.rs/reference/OutputOptions.codeSplitting
- Adjust chunk size limit for this warning via build.chunkSizeWarningLimit.

PWA v1.3.0
mode      generateSW
precache  18 entries (1359.75 KiB)
files generated
  dist/sw.js
  dist/workbox-9c191d2f.js

COMMAND_EXIT=0
