LSP_MESSAGE {"jsonrpc":"2.0","method":"window/logMessage","params":{"type":3,"message":"Resolved client capabilities: {\n\t\"textDocument\": {\n\t\t\"diagnostic\": {\n\t\t\t\"relatedDocumentSupport\": true\n\t\t}\n\t}\n}"}}
LSP_MESSAGE {"jsonrpc":"2.0","id":1,"result":{"capabilities":{"positionEncoding":"utf-16","textDocumentSync":{"openClose":true,"change":2,"save":true},"completionProvider":{"triggerCharacters":[".","\"","'","`","/","@","<","#"," ","*"],"resolveProvider":true,"completionItem":{"labelDetailsSupport":true}},"hoverProvider":true,"signatureHelpProvider":{"triggerCharacters":["(",",","<"],"retriggerCharacters":[")"]},"definitionProvider":true,"typeDefinitionProvider":true,"implementationProvider":true,"referencesProvider":true,"documentHighlightProvider":true,"documentSymbolProvider":true,"codeActionProvider":{"codeActionKinds":["quickfix","source.organizeImports","source.removeUnusedImports","source.sortImports","source.fixAll"]},"codeLensProvider":{"resolveProvider":true},"workspaceSymbolProvider":true,"documentFormattingProvider":true,"documentRangeFormattingProvider":true,"documentOnTypeFormattingProvider":{"firstTriggerCharacter":"{","moreTriggerCharacter":["}",";","\n"]},"renameProvider":{"prepareProvider":true},"foldingRangeProvider":true,"selectionRangeProvider":true,"callHierarchyProvider":true,"linkedEditingRangeProvider":true,"semanticTokensProvider":{"legend":{"tokenTypes":[],"tokenModifiers":[]},"range":true,"full":true},"inlayHintProvider":true,"diagnosticProvider":{"identifier":"typescript","interFileDependencies":true,"workspaceDiagnostics":false},"workspace":{"fileOperations":{"willRename":{"filters":[{"scheme":"file","pattern":{"glob":"**/*.{ts,tsx,js,jsx,cts,cjs,mts,mjs,json}"}}]}}},"experimental":{"customSourceDefinitionProvider":true,"customMultiDocumentHighlightProvider":true},"_vs_onAutoInsertProvider":{"_vs_triggerCharacters":[">"]},"_vs_referencesProvider":true},"serverInfo":{"name":"typescript-go","version":"7.0.2"}}}
LSP_MESSAGE {"jsonrpc":"2.0","method":"window/logMessage","params":{"type":3,"message":"file watching: disabled (client lacks dynamic watch registration and builtin watcher backend is not fast-recursive)"}}
LSP_MESSAGE {"jsonrpc":"2.0","id":"ts1","method":"client/registerCapability","params":{"registrations":[{"id":"typescript-config-watch-id","method":"workspace/didChangeConfiguration","registerOptions":{"section":["js/ts","typescript","javascript","editor"]}}]}}
LSP_MESSAGE {"jsonrpc":"2.0","method":"window/logMessage","params":{"type":3,"message":"handled method 'initialized' in 2.169131ms"}}
LSP_MESSAGE {"jsonrpc":"2.0","method":"window/logMessage","params":{"type":3,"message":"Processed 1 file changes in 17.11µs"}}
LSP_MESSAGE {"jsonrpc":"2.0","method":"window/logMessage","params":{"type":3,"message":"handled method 'textDocument/didOpen' in 191.251173ms"}}
LSP_MESSAGE {"jsonrpc":"2.0","method":"window/logMessage","params":{"type":3,"message":"Adopted snapshot 1 (parent 0) as current session snapshot (replacing 0)"}}
LSP_MESSAGE {"jsonrpc":"2.0","method":"window/logMessage","params":{"type":3,"message":"Processed 1 file changes in 10.649µs"}}
LSP_MESSAGE {"jsonrpc":"2.0","method":"window/logMessage","params":{"type":3,"message":"handled method 'textDocument/didOpen' in 545.421µs"}}
LSP_MESSAGE {"jsonrpc":"2.0","method":"window/logMessage","params":{"type":3,"message":"Adopted snapshot 2 (parent 1) as current session snapshot (replacing 1)"}}
LSP_MESSAGE {"jsonrpc":"2.0","method":"window/logMessage","params":{"type":3,"message":"Processed 1 file changes in 5.413µs"}}
LSP_MESSAGE {"jsonrpc":"2.0","method":"window/logMessage","params":{"type":3,"message":"======== Cloning snapshot 0 ========\n[12:41:25.446] Reason: DidOpenFile - file:///home/norman/Repos/GPlan/src/graphics/Equipment.tsx\n[12:41:25.446] DidChangeCustomConfigFileName\n[12:41:25.446] DidChangeFiles\n\t[12:41:25.446] Checking for changes affecting config files\n\t\t[12:41:25.447] Summarizing file changes\n\t\t[12:41:25.447] Checking if any changed files are config files\n\t[12:41:25.447] computeConfigFileName:: File: /home/norman/Repos/GPlan/src/graphics/Equipment.tsx:: Result: /home/norman/Repos/GPlan/tsconfig.json\n\t[12:41:25.447] Searching for default configured project for /home/norman/Repos/GPlan/src/graphics/Equipment.tsx\n\t\t[12:41:25.448] Acquiring config for open file\n\t\t\t[12:41:25.448] Loading config file: /home/norman/Repos/GPlan/tsconfig.json\n\t\t\t[12:41:25.454] Finished loading config file\n\t\t[12:41:25.454] Creating ConfiguredProject: /home/norman/Repos/GPlan/tsconfig.json, currentDirectory: /home/norman/Repos/GPlan\n\t\t[12:41:25.454] Acquiring config for project\n\t\t[12:41:25.454] CompilerHost\n\t\t[12:41:25.633] Program update for /home/norman/Repos/GPlan/tsconfig.json completed in 178.776274ms\n\t\t[12:41:25.633] Project contains file directly\n\t[12:41:25.633] Found default configured project for /home/norman/Repos/GPlan/src/graphics/Equipment.tsx: /home/norman/Repos/GPlan/tsconfig.json (in 185.961336ms)\n[12:41:25.633] DidRequestFile\n\t[12:41:25.633] Acquiring config for project\n[12:41:25.635] Removed 1 cached file(s) in 1.691023ms\n[12:41:25.635] UpdateAutoImports\n\t[12:41:25.635] Building autoimport registry\n\t\t[12:41:25.635] Added project: /home/norman/Repos/GPlan/tsconfig.json\n\t\t[12:41:25.635] Added directory: /\n\t\t[12:41:25.635] Added directory: /home/norman/Repos/GPlan/src/graphics\n\t\t[12:41:25.635] Added directory: /home/norman/Repos/GPlan/src\n\t\t[12:41:25.635] Added directory: /home/norman/Repos/GPlan\n\t\t[12:41:25.635] Added directory: /home/norman/Repos\n\t\t[12:41:25.635] Added directory: /home/norman\n\t\t[12:41:25.635] Added directory: /home\n\t\t[12:41:25.635] Added node_modules bucket: /home/norman/Repos/GPlan\n\t\t[12:41:25.635] Updated buckets and directories in 177.428µs\n\t\t[12:41:25.635] Built autoimport registry in 190.376µs\n[12:41:25.636] Finished cloning snapshot 0 into snapshot 1 in 190.681669ms\n"}}
LSP_MESSAGE {"jsonrpc":"2.0","method":"window/logMessage","params":{"type":3,"message":"======== Cloning snapshot 1 ========\n[12:41:25.637] Reason: DidOpenFile - file:///home/norman/Repos/GPlan/src/graphics/ExerciseViewer.tsx\n[12:41:25.637] DidChangeCustomConfigFileName\n[12:41:25.637] DidChangeFiles\n\t[12:41:25.637] Checking for changes affecting config files\n\t\t[12:41:25.637] Summarizing file changes\n\t\t[12:41:25.637] Checking if any changed files are config files\n\t[12:41:25.637] computeConfigFileName:: File: /home/norman/Repos/GPlan/src/graphics/ExerciseViewer.tsx:: Result: /home/norman/Repos/GPlan/tsconfig.json\n\t[12:41:25.637] Searching for default configured project for /home/norman/Repos/GPlan/src/graphics/ExerciseViewer.tsx\n\t\t[12:41:25.637] Acquiring config for open file\n\t\t[12:41:25.637] Creating ConfiguredProject: /home/norman/Repos/GPlan/tsconfig.json, currentDirectory: /home/norman/Repos/GPlan\n\t\t[12:41:25.637] Acquiring config for project\n\t\t[12:41:25.637] Project contains file directly\n\t[12:41:25.637] Found default configured project for /home/norman/Repos/GPlan/src/graphics/ExerciseViewer.tsx: /home/norman/Repos/GPlan/tsconfig.json (in 64.576µs)\n[12:41:25.637] DidRequestFile\n\t[12:41:25.637] Acquiring config for project\n[12:41:25.637] UpdateAutoImports\n\t[12:41:25.637] Building autoimport registry\n\t\t[12:41:25.637] Updated buckets and directories in 52.731µs\n\t\t[12:41:25.637] Built autoimport registry in 62.905µs\n[12:41:25.637] Finished cloning snapshot 1 into snapshot 2 in 301.765µs\n"}}
LSP_MESSAGE {"jsonrpc":"2.0","method":"window/logMessage","params":{"type":3,"message":"\nProject '/home/norman/Repos/GPlan/tsconfig.json'\n\tFiles (939)\n-----------------------------------------------"}}
LSP_MESSAGE {"jsonrpc":"2.0","method":"window/logMessage","params":{"type":3,"message":""}}
LSP_MESSAGE {"jsonrpc":"2.0","method":"window/logMessage","params":{"type":3,"message":"\n======== Cache Statistics ========"}}
LSP_MESSAGE {"jsonrpc":"2.0","method":"window/logMessage","params":{"type":3,"message":"Open file count:        1"}}
LSP_MESSAGE {"jsonrpc":"2.0","method":"window/logMessage","params":{"type":3,"message":"Cached disk files:   1001"}}
LSP_MESSAGE {"jsonrpc":"2.0","method":"window/logMessage","params":{"type":3,"message":"Realpath aliases:       0"}}
LSP_MESSAGE {"jsonrpc":"2.0","method":"window/logMessage","params":{"type":3,"message":"Project count:          1"}}
LSP_MESSAGE {"jsonrpc":"2.0","method":"window/logMessage","params":{"type":3,"message":"handled method 'textDocument/didOpen' in 347.836µs"}}
LSP_MESSAGE {"jsonrpc":"2.0","method":"window/logMessage","params":{"type":3,"message":"Config count:           1"}}
LSP_MESSAGE {"jsonrpc":"2.0","method":"window/logMessage","params":{"type":3,"message":""}}
LSP_MESSAGE {"jsonrpc":"2.0","method":"window/logMessage","params":{"type":3,"message":"Processed 1 file changes in 5.397µs"}}
LSP_MESSAGE {"jsonrpc":"2.0","method":"window/logMessage","params":{"type":3,"message":"Adopted snapshot 3 (parent 2) as current session snapshot (replacing 2)"}}
LSP_MESSAGE {"jsonrpc":"2.0","method":"window/logMessage","params":{"type":3,"message":"======== Cloning snapshot 2 ========\n[12:41:25.637] Reason: DidOpenFile - file:///home/norman/Repos/GPlan/src/graphics/Figure.tsx\n[12:41:25.637] DidChangeCustomConfigFileName\n[12:41:25.637] DidChangeFiles\n\t[12:41:25.637] Checking for changes affecting config files\n\t\t[12:41:25.637] Summarizing file changes\n\t\t[12:41:25.637] Checking if any changed files are config files\n\t[12:41:25.637] computeConfigFileName:: File: /home/norman/Repos/GPlan/src/graphics/Figure.tsx:: Result: /home/norman/Repos/GPlan/tsconfig.json\n\t[12:41:25.637] Searching for default configured project for /home/norman/Repos/GPlan/src/graphics/Figure.tsx\n\t\t[12:41:25.637] Acquiring config for open file\n\t\t[12:41:25.637] Creating ConfiguredProject: /home/norman/Repos/GPlan/tsconfig.json, currentDirectory: /home/norman/Repos/GPlan\n\t\t[12:41:25.637] Acquiring config for project\n\t\t[12:41:25.637] Project contains file directly\n\t[12:41:25.637] Found default configured project for /home/norman/Repos/GPlan/src/graphics/Figure.tsx: /home/norman/Repos/GPlan/tsconfig.json (in 66.514µs)\n[12:41:25.637] DidRequestFile\n\t[12:41:25.637] Acquiring config for project\n[12:41:25.637] UpdateAutoImports\n\t[12:41:25.637] Building autoimport registry\n\t\t[12:41:25.637] Updated buckets and directories in 62.774µs\n\t\t[12:41:25.637] Built autoimport registry in 68.01µs\n[12:41:25.637] Finished cloning snapshot 2 into snapshot 3 in 218.369µs\n"}}
LSP_MESSAGE {"jsonrpc":"2.0","method":"window/logMessage","params":{"type":3,"message":""}}
LSP_MESSAGE {"jsonrpc":"2.0","method":"window/logMessage","params":{"type":3,"message":"handled method 'textDocument/didOpen' in 226.762µs"}}
LSP_MESSAGE {"jsonrpc":"2.0","method":"window/logMessage","params":{"type":3,"message":"Processed 1 file changes in 4.345µs"}}
LSP_MESSAGE {"jsonrpc":"2.0","method":"window/logMessage","params":{"type":3,"message":"Adopted snapshot 4 (parent 3) as current session snapshot (replacing 3)"}}
LSP_MESSAGE {"jsonrpc":"2.0","method":"window/logMessage","params":{"type":3,"message":"======== Cloning snapshot 3 ========\n[12:41:25.637] Reason: DidOpenFile - file:///home/norman/Repos/GPlan/src/graphics/Primitives.tsx\n[12:41:25.637] DidChangeCustomConfigFileName\n[12:41:25.637] DidChangeFiles\n\t[12:41:25.637] Checking for changes affecting config files\n\t\t[12:41:25.637] Summarizing file changes\n\t\t[12:41:25.637] Checking if any changed files are config files\n\t[12:41:25.637] computeConfigFileName:: File: /home/norman/Repos/GPlan/src/graphics/Primitives.tsx:: Result: /home/norman/Repos/GPlan/tsconfig.json\n\t[12:41:25.637] Searching for default configured project for /home/norman/Repos/GPlan/src/graphics/Primitives.tsx\n\t\t[12:41:25.637] Acquiring config for open file\n\t\t[12:41:25.638] Creating ConfiguredProject: /home/norman/Repos/GPlan/tsconfig.json, currentDirectory: /home/norman/Repos/GPlan\n\t\t[12:41:25.638] Acquiring config for project\n\t\t[12:41:25.638] Project contains file directly\n\t[12:41:25.638] Found default configured project for /home/norman/Repos/GPlan/src/graphics/Primitives.tsx: /home/norman/Repos/GPlan/tsconfig.json (in 38.89µs)\n[12:41:25.638] DidRequestFile\n\t[12:41:25.638] Acquiring config for project\n[12:41:25.638] UpdateAutoImports\n\t[12:41:25.638] Building autoimport registry\n\t\t[12:41:25.638] Updated buckets and directories in 45.132µs\n\t\t[12:41:25.638] Built autoimport registry in 49.411µs\n[12:41:25.638] Finished cloning snapshot 3 into snapshot 4 in 186.845µs\n"}}
LSP_MESSAGE {"jsonrpc":"2.0","method":"window/logMessage","params":{"type":3,"message":""}}
LSP_MESSAGE {"jsonrpc":"2.0","method":"window/logMessage","params":{"type":3,"message":"handled method 'textDocument/didOpen' in 264.664µs"}}
LSP_MESSAGE {"jsonrpc":"2.0","method":"window/logMessage","params":{"type":3,"message":"Adopted snapshot 5 (parent 4) as current session snapshot (replacing 4)"}}
LSP_MESSAGE {"jsonrpc":"2.0","method":"window/logMessage","params":{"type":3,"message":"Processed 1 file changes in 5.518µs"}}
LSP_MESSAGE {"jsonrpc":"2.0","method":"window/logMessage","params":{"type":3,"message":"======== Cloning snapshot 4 ========\n[12:41:25.638] Reason: DidOpenFile - file:///home/norman/Repos/GPlan/src/graphics/Scene.tsx\n[12:41:25.638] DidChangeCustomConfigFileName\n[12:41:25.638] DidChangeFiles\n\t[12:41:25.638] Checking for changes affecting config files\n\t\t[12:41:25.638] Summarizing file changes\n\t\t[12:41:25.638] Checking if any changed files are config files\n\t[12:41:25.638] computeConfigFileName:: File: /home/norman/Repos/GPlan/src/graphics/Scene.tsx:: Result: /home/norman/Repos/GPlan/tsconfig.json\n\t[12:41:25.638] Searching for default configured project for /home/norman/Repos/GPlan/src/graphics/Scene.tsx\n\t\t[12:41:25.638] Acquiring config for open file\n\t\t[12:41:25.638] Creating ConfiguredProject: /home/norman/Repos/GPlan/tsconfig.json, currentDirectory: /home/norman/Repos/GPlan\n\t\t[12:41:25.638] Acquiring config for project\n\t\t[12:41:25.638] Project contains file directly\n\t[12:41:25.638] Found default configured project for /home/norman/Repos/GPlan/src/graphics/Scene.tsx: /home/norman/Repos/GPlan/tsconfig.json (in 36.82µs)\n[12:41:25.638] DidRequestFile\n\t[12:41:25.638] Acquiring config for project\n[12:41:25.638] UpdateAutoImports\n\t[12:41:25.638] Building autoimport registry\n\t\t[12:41:25.638] Updated buckets and directories in 44.111µs\n\t\t[12:41:25.638] Built autoimport registry in 56.716µs\n[12:41:25.638] Finished cloning snapshot 4 into snapshot 5 in 193.619µs\n"}}
LSP_MESSAGE {"jsonrpc":"2.0","method":"window/logMessage","params":{"type":3,"message":""}}
LSP_MESSAGE {"jsonrpc":"2.0","method":"window/logMessage","params":{"type":3,"message":"handled method 'textDocument/didOpen' in 309.605µs"}}
LSP_MESSAGE {"jsonrpc":"2.0","method":"window/logMessage","params":{"type":3,"message":"Adopted snapshot 6 (parent 5) as current session snapshot (replacing 5)"}}
LSP_MESSAGE {"jsonrpc":"2.0","method":"window/logMessage","params":{"type":3,"message":"Processed 1 file changes in 5.673µs"}}
LSP_MESSAGE {"jsonrpc":"2.0","method":"window/logMessage","params":{"type":3,"message":"======== Cloning snapshot 5 ========\n[12:41:25.638] Reason: DidOpenFile - file:///home/norman/Repos/GPlan/src/graphics/motions.test.ts\n[12:41:25.638] DidChangeCustomConfigFileName\n[12:41:25.638] DidChangeFiles\n\t[12:41:25.638] Checking for changes affecting config files\n\t\t[12:41:25.638] Summarizing file changes\n\t\t[12:41:25.638] Checking if any changed files are config files\n\t[12:41:25.638] computeConfigFileName:: File: /home/norman/Repos/GPlan/src/graphics/motions.test.ts:: Result: /home/norman/Repos/GPlan/tsconfig.json\n\t[12:41:25.638] Searching for default configured project for /home/norman/Repos/GPlan/src/graphics/motions.test.ts\n\t\t[12:41:25.638] Acquiring config for open file\n\t\t[12:41:25.638] Creating ConfiguredProject: /home/norman/Repos/GPlan/tsconfig.json, currentDirectory: /home/norman/Repos/GPlan\n\t\t[12:41:25.638] Acquiring config for project\n\t\t[12:41:25.638] Project contains file directly\n\t[12:41:25.638] Found default configured project for /home/norman/Repos/GPlan/src/graphics/motions.test.ts: /home/norman/Repos/GPlan/tsconfig.json (in 36.46µs)\n[12:41:25.638] DidRequestFile\n\t[12:41:25.638] Acquiring config for project\n[12:41:25.638] UpdateAutoImports\n\t[12:41:25.638] Building autoimport registry\n\t\t[12:41:25.638] Updated buckets and directories in 47.727µs\n\t\t[12:41:25.638] Built autoimport registry in 53.268µs\n[12:41:25.638] Finished cloning snapshot 5 into snapshot 6 in 197.281µs\n"}}
LSP_MESSAGE {"jsonrpc":"2.0","method":"window/logMessage","params":{"type":3,"message":""}}
LSP_MESSAGE {"jsonrpc":"2.0","method":"window/logMessage","params":{"type":3,"message":"handled method 'textDocument/didOpen' in 328.102µs"}}
LSP_MESSAGE {"jsonrpc":"2.0","method":"window/logMessage","params":{"type":3,"message":"Processed 1 file changes in 6.094µs"}}
LSP_MESSAGE {"jsonrpc":"2.0","method":"window/logMessage","params":{"type":3,"message":"Adopted snapshot 7 (parent 6) as current session snapshot (replacing 6)"}}
LSP_MESSAGE {"jsonrpc":"2.0","method":"window/logMessage","params":{"type":3,"message":"======== Cloning snapshot 6 ========\n[12:41:25.638] Reason: DidOpenFile - file:///home/norman/Repos/GPlan/src/graphics/motions.ts\n[12:41:25.638] DidChangeCustomConfigFileName\n[12:41:25.638] DidChangeFiles\n\t[12:41:25.638] Checking for changes affecting config files\n\t\t[12:41:25.638] Summarizing file changes\n\t\t[12:41:25.638] Checking if any changed files are config files\n\t[12:41:25.638] computeConfigFileName:: File: /home/norman/Repos/GPlan/src/graphics/motions.ts:: Result: /home/norman/Repos/GPlan/tsconfig.json\n\t[12:41:25.638] Searching for default configured project for /home/norman/Repos/GPlan/src/graphics/motions.ts\n\t\t[12:41:25.638] Acquiring config for open file\n\t\t[12:41:25.638] Creating ConfiguredProject: /home/norman/Repos/GPlan/tsconfig.json, currentDirectory: /home/norman/Repos/GPlan\n\t\t[12:41:25.638] Acquiring config for project\n\t\t[12:41:25.638] Project contains file directly\n\t[12:41:25.638] Found default configured project for /home/norman/Repos/GPlan/src/graphics/motions.ts: /home/norman/Repos/GPlan/tsconfig.json (in 39.921µs)\n[12:41:25.638] DidRequestFile\n\t[12:41:25.638] Acquiring config for project\n[12:41:25.638] UpdateAutoImports\n\t[12:41:25.638] Building autoimport registry\n\t\t[12:41:25.639] Updated buckets and directories in 49.624µs\n\t\t[12:41:25.639] Built autoimport registry in 54.32µs\n[12:41:25.639] Finished cloning snapshot 6 into snapshot 7 in 199.452µs\n"}}
LSP_MESSAGE {"jsonrpc":"2.0","method":"window/logMessage","params":{"type":3,"message":""}}
LSP_MESSAGE {"jsonrpc":"2.0","method":"window/logMessage","params":{"type":3,"message":"handled method 'textDocument/didOpen' in 321.991µs"}}
LSP_MESSAGE {"jsonrpc":"2.0","method":"window/logMessage","params":{"type":3,"message":"Adopted snapshot 8 (parent 7) as current session snapshot (replacing 7)"}}
LSP_MESSAGE {"jsonrpc":"2.0","method":"window/logMessage","params":{"type":3,"message":"Processed 1 file changes in 7.837µs"}}
LSP_MESSAGE {"jsonrpc":"2.0","method":"window/logMessage","params":{"type":3,"message":"======== Cloning snapshot 7 ========\n[12:41:25.639] Reason: DidOpenFile - file:///home/norman/Repos/GPlan/src/graphics/palette.ts\n[12:41:25.639] DidChangeCustomConfigFileName\n[12:41:25.639] DidChangeFiles\n\t[12:41:25.639] Checking for changes affecting config files\n\t\t[12:41:25.639] Summarizing file changes\n\t\t[12:41:25.639] Checking if any changed files are config files\n\t[12:41:25.639] computeConfigFileName:: File: /home/norman/Repos/GPlan/src/graphics/palette.ts:: Result: /home/norman/Repos/GPlan/tsconfig.json\n\t[12:41:25.639] Searching for default configured project for /home/norman/Repos/GPlan/src/graphics/palette.ts\n\t\t[12:41:25.639] Acquiring config for open file\n\t\t[12:41:25.639] Creating ConfiguredProject: /home/norman/Repos/GPlan/tsconfig.json, currentDirectory: /home/norman/Repos/GPlan\n\t\t[12:41:25.639] Acquiring config for project\n\t\t[12:41:25.639] Project contains file directly\n\t[12:41:25.639] Found default configured project for /home/norman/Repos/GPlan/src/graphics/palette.ts: /home/norman/Repos/GPlan/tsconfig.json (in 45.349µs)\n[12:41:25.639] DidRequestFile\n\t[12:41:25.639] Acquiring config for project\n[12:41:25.639] UpdateAutoImports\n\t[12:41:25.639] Building autoimport registry\n\t\t[12:41:25.639] Updated buckets and directories in 49.649µs\n\t\t[12:41:25.639] Built autoimport registry in 55.354µs\n[12:41:25.639] Finished cloning snapshot 7 into snapshot 8 in 223.088µs\n"}}
LSP_MESSAGE {"jsonrpc":"2.0","method":"window/logMessage","params":{"type":3,"message":""}}
LSP_MESSAGE {"jsonrpc":"2.0","method":"window/logMessage","params":{"type":3,"message":"handled method 'textDocument/didOpen' in 343.307µs"}}
LSP_MESSAGE {"jsonrpc":"2.0","method":"window/logMessage","params":{"type":3,"message":"Adopted snapshot 9 (parent 8) as current session snapshot (replacing 8)"}}
LSP_MESSAGE {"jsonrpc":"2.0","method":"window/logMessage","params":{"type":3,"message":"======== Cloning snapshot 8 ========\n[12:41:25.639] Reason: DidOpenFile - file:///home/norman/Repos/GPlan/src/graphics/viewer.css.d.ts\n[12:41:25.639] DidChangeCustomConfigFileName\n[12:41:25.639] DidChangeFiles\n\t[12:41:25.639] Checking for changes affecting config files\n\t\t[12:41:25.639] Summarizing file changes\n\t\t[12:41:25.639] Checking if any changed files are config files\n\t[12:41:25.639] computeConfigFileName:: File: /home/norman/Repos/GPlan/src/graphics/viewer.css.d.ts:: Result: /home/norman/Repos/GPlan/tsconfig.json\n\t[12:41:25.639] Searching for default configured project for /home/norman/Repos/GPlan/src/graphics/viewer.css.d.ts\n\t\t[12:41:25.639] Acquiring config for open file\n\t\t[12:41:25.639] Creating ConfiguredProject: /home/norman/Repos/GPlan/tsconfig.json, currentDirectory: /home/norman/Repos/GPlan\n\t\t[12:41:25.639] Acquiring config for project\n\t\t[12:41:25.639] Project contains file directly\n\t[12:41:25.639] Found default configured project for /home/norman/Repos/GPlan/src/graphics/viewer.css.d.ts: /home/norman/Repos/GPlan/tsconfig.json (in 45.641µs)\n[12:41:25.639] DidRequestFile\n\t[12:41:25.639] Acquiring config for project\n[12:41:25.639] UpdateAutoImports\n\t[12:41:25.639] Building autoimport registry\n\t\t[12:41:25.639] Updated buckets and directories in 51.536µs\n\t\t[12:41:25.639] Built autoimport registry in 56.918µs\n[12:41:25.639] Finished cloning snapshot 8 into snapshot 9 in 250.248µs\n"}}
LSP_MESSAGE {"jsonrpc":"2.0","method":"window/logMessage","params":{"type":3,"message":""}}
LSP_MESSAGE {"jsonrpc":"2.0","method":"window/logMessage","params":{"type":3,"message":"Adopted snapshot 10 (parent 9) as current session snapshot (replacing 9)"}}
LSP_MESSAGE {"jsonrpc":"2.0","method":"window/logMessage","params":{"type":3,"message":"======== Cloning snapshot 9 ========\n[12:41:25.639] Reason: RequestedLanguageService (pending file changes) -  Documents: [file:///home/norman/Repos/GPlan/src/graphics/Equipment.tsx]\n[12:41:25.639] DidChangeCustomConfigFileName\n[12:41:25.639] DidRequestFile\n\t[12:41:25.639] Acquiring config for project\n[12:41:25.639] UpdateAutoImports\n\t[12:41:25.639] Building autoimport registry\n\t\t[12:41:25.639] Updated buckets and directories in 49.039µs\n\t\t[12:41:25.639] Built autoimport registry in 53.851µs\n[12:41:25.639] Finished cloning snapshot 9 into snapshot 10 in 95.382µs\n"}}
LSP_MESSAGE {"jsonrpc":"2.0","method":"window/logMessage","params":{"type":3,"message":""}}
LSP_MESSAGE {"jsonrpc":"2.0","id":2,"result":{"kind":"full","items":[]}}
LSP_MESSAGE {"jsonrpc":"2.0","method":"window/logMessage","params":{"type":3,"message":"handled method 'textDocument/diagnostic' (2) in 53.643994ms"}}
LSP_MESSAGE {"jsonrpc":"2.0","id":3,"result":{"kind":"full","items":[]}}
LSP_MESSAGE {"jsonrpc":"2.0","method":"window/logMessage","params":{"type":3,"message":"handled method 'textDocument/diagnostic' (3) in 94.484942ms"}}
LSP_MESSAGE {"jsonrpc":"2.0","id":4,"result":{"kind":"full","items":[]}}
LSP_MESSAGE {"jsonrpc":"2.0","method":"window/logMessage","params":{"type":3,"message":"handled method 'textDocument/diagnostic' (4) in 6.27218ms"}}
LSP_MESSAGE {"jsonrpc":"2.0","id":5,"result":{"kind":"full","items":[]}}
LSP_MESSAGE {"jsonrpc":"2.0","method":"window/logMessage","params":{"type":3,"message":"handled method 'textDocument/diagnostic' (5) in 41.081916ms"}}
LSP_MESSAGE {"jsonrpc":"2.0","id":6,"result":{"kind":"full","items":[]}}
LSP_MESSAGE {"jsonrpc":"2.0","method":"window/logMessage","params":{"type":3,"message":"handled method 'textDocument/diagnostic' (6) in 73.710715ms"}}
LSP_MESSAGE {"jsonrpc":"2.0","id":7,"result":{"kind":"full","items":[]}}
LSP_MESSAGE {"jsonrpc":"2.0","method":"window/logMessage","params":{"type":3,"message":"handled method 'textDocument/diagnostic' (7) in 13.371118ms"}}
LSP_MESSAGE {"jsonrpc":"2.0","id":8,"result":{"kind":"full","items":[]}}
LSP_MESSAGE {"jsonrpc":"2.0","method":"window/logMessage","params":{"type":3,"message":"handled method 'textDocument/diagnostic' (8) in 2.054569ms"}}
LSP_MESSAGE {"jsonrpc":"2.0","id":9,"result":{"kind":"full","items":[]}}
LSP_MESSAGE {"jsonrpc":"2.0","method":"window/logMessage","params":{"type":3,"message":"handled method 'textDocument/diagnostic' (9) in 230.441µs"}}
LSP_MESSAGE {"jsonrpc":"2.0","id":10,"result":{"kind":"full","items":[]}}
LSP_MESSAGE {"jsonrpc":"2.0","method":"window/logMessage","params":{"type":3,"message":"handled method 'textDocument/diagnostic' (10) in 46.013µs"}}
{"file":"Equipment.tsx","diagnostics":[]}
{"file":"ExerciseViewer.tsx","diagnostics":[]}
{"file":"Figure.tsx","diagnostics":[]}
{"file":"Primitives.tsx","diagnostics":[]}
{"file":"Scene.tsx","diagnostics":[]}
{"file":"motions.test.ts","diagnostics":[]}
{"file":"motions.ts","diagnostics":[]}
{"file":"palette.ts","diagnostics":[]}
{"file":"viewer.css.d.ts","diagnostics":[]}
LSP_FILES=9 LSP_ERRORS=0
LSP_MESSAGE {"jsonrpc":"2.0","id":11,"result":null}
LSP_MESSAGE {"jsonrpc":"2.0","method":"window/logMessage","params":{"type":3,"message":"handled method 'shutdown' (11) in 9.545µs"}}
LSP_MESSAGE {"jsonrpc":"2.0","method":"window/logMessage","params":{"type":1,"message":"error handling method 'exit': EOF"}}
context canceled

COMMAND_EXIT=0
